#-----------------------------------------------------------
# Vivado v2016.1 (64-bit)
# SW Build 1538259 on Fri Apr  8 15:45:27 MDT 2016
# IP Build 1537824 on Fri Apr  8 04:28:57 MDT 2016
# Start of session at: Thu Sep 15 13:14:47 2016
# Process ID: 9524
# Current directory: C:/Users/yu5866da-s/vivado/project_2
# Command line: vivado.exe -gui_launcher_event rodinguilauncherevent9368 C:\Users\yu5866da-s\vivado\project_2\project_2.xpr
# Log file: C:/Users/yu5866da-s/vivado/project_2/vivado.log
# Journal file: C:/Users/yu5866da-s/vivado/project_2\vivado.jou
#-----------------------------------------------------------
start_gui
open_project C:/Users/yu5866da-s/vivado/project_2/project_2.xpr
update_compile_order -fileset sources_1
launch_simulation
launch_simulation
launch_simulation
launch_simulation
launch_simulation
update_compile_order -fileset sources_1
update_compile_order -fileset sources_1
launch_simulation
update_compile_order -fileset sources_1
update_compile_order -fileset sources_1
design
refresh_design
close_sim
launch_simulation
source tb_keyboard.tcl
restart
run 100 ms
refresh_design
close_sim
launch_simulation
source tb_keyboard.tcl
restart
run 100 ms
close_sim
launch_simulation
source tb_keyboard.tcl
restart
run 100 ms
close_sim
launch_simulation
source tb_keyboard.tcl
restart
run 100 ms
restart
run 100 ms
close_sim
launch_simulation
source tb_keyboard.tcl
restart
run 100 ms
update_compile_order -fileset sources_1
update_compile_order -fileset sources_1
update_compile_order -fileset sources_1
update_compile_order -fileset sources_1
